<spriteList defaultGroup="(level1)" defaultObjectName="peg" defaultId="-2">
    
    <!-- Y Spacing is 160 -->
    
    <sprite>
        <position x="-720" y="860"/>
    </sprite>

    <sprite>
        <position x="-560" y="860"/>
    </sprite>

    <sprite>
        <position x="-400" y="860"/>
    </sprite>

    <sprite>
        <position x="-240" y="860"/>
    </sprite>

    <sprite>
        <position x="-80" y="860"/>
    </sprite>

    <sprite>
        <position x="80" y="860"/>
    </sprite>

    <sprite>
        <position x="240" y="860"/>
    </sprite>

    <sprite>
        <position x="400" y="860"/>
    </sprite>

    <sprite>
        <position x="560" y="860"/>
    </sprite>

    <sprite>
        <position x="720" y="860"/>
    </sprite>



    <sprite>
        <position x="-800" y="700"/>
    </sprite>

    <sprite>
        <position x="-640" y="700"/>
    </sprite>

    <sprite>
        <position x="-480" y="700"/>
    </sprite>

    <sprite>
        <position x="-320" y="700"/>
    </sprite>

    <sprite>
        <position x="-160" y="700"/>
    </sprite>

    <sprite>
        <position x="0" y="700"/>
    </sprite>

    <sprite>
        <position x="160" y="700"/>
    </sprite>

    <sprite>
        <position x="320" y="700"/>
    </sprite>

    <sprite>
        <position x="480" y="700"/>
    </sprite>

    <sprite>
        <position x="640" y="700"/>
    </sprite>

    <sprite>
        <position x="800" y="700"/>
    </sprite>
    
    
    
    <sprite>
        <position x="-720" y="380"/>
    </sprite>

    <sprite>
        <position x="-560" y="380"/>
    </sprite>

    <sprite>
        <position x="-400" y="380"/>
    </sprite>

    <sprite>
        <position x="-240" y="380"/>
    </sprite>

    <sprite>
        <position x="-80" y="380"/>
    </sprite>

    <sprite>
        <position x="80" y="380"/>
    </sprite>

    <sprite>
        <position x="240" y="380"/>
    </sprite>

    <sprite>
        <position x="400" y="380"/>
    </sprite>

    <sprite>
        <position x="560" y="380"/>
    </sprite>

    <sprite>
        <position x="720" y="380"/>
    </sprite>



    <sprite>
        <position x="-800" y="220"/>
    </sprite>

    <sprite>
        <position x="-640" y="220"/>
    </sprite>

    <sprite>
        <position x="-480" y="220"/>
    </sprite>

    <sprite>
        <position x="-320" y="220"/>
    </sprite>

    <sprite>
        <position x="-160" y="220"/>
    </sprite>

    <sprite>
        <position x="0" y="220"/>
    </sprite>

    <sprite>
        <position x="160" y="220"/>
    </sprite>

    <sprite>
        <position x="320" y="220"/>
    </sprite>

    <sprite>
        <position x="480" y="220"/>
    </sprite>

    <sprite>
        <position x="640" y="220"/>
    </sprite>

    <sprite>
        <position x="800" y="220"/>
    </sprite>
    
    

    <sprite>
        <position x="-720" y="-100"/>
    </sprite>

    <sprite>
        <position x="-560" y="-100"/>
    </sprite>

    <sprite>
        <position x="-400" y="-100"/>
    </sprite>

    <sprite>
        <position x="-240" y="-100"/>
    </sprite>

    <sprite>
        <position x="-80" y="-100"/>
    </sprite>

    <sprite>
        <position x="80" y="-100"/>
    </sprite>

    <sprite>
        <position x="240" y="-100"/>
    </sprite>

    <sprite>
        <position x="400" y="-100"/>
    </sprite>

    <sprite>
        <position x="560" y="-100"/>
    </sprite>

    <sprite>
        <position x="720" y="-100"/>
    </sprite>



    <sprite>
        <position x="-800" y="-260"/>
    </sprite>

    <sprite>
        <position x="-640" y="-260"/>
    </sprite>

    <sprite>
        <position x="-480" y="-260"/>
    </sprite>

    <sprite>
        <position x="-320" y="-260"/>
    </sprite>

    <sprite>
        <position x="-160" y="-260"/>
    </sprite>

    <sprite>
        <position x="0" y="-260"/>
    </sprite>

    <sprite>
        <position x="160" y="-260"/>
    </sprite>

    <sprite>
        <position x="320" y="-260"/>
    </sprite>

    <sprite>
        <position x="480" y="-260"/>
    </sprite>

    <sprite>
        <position x="640" y="-260"/>
    </sprite>

    <sprite>
        <position x="800" y="-260"/>
    </sprite>



    <sprite>
        <position x="-720" y="-580"/>
    </sprite>

    <sprite>
        <position x="-560" y="-580"/>
    </sprite>

    <sprite>
        <position x="-400" y="-580"/>
    </sprite>

    <sprite>
        <position x="-240" y="-580"/>
    </sprite>

    <sprite>
        <position x="-80" y="-580"/>
    </sprite>

    <sprite>
        <position x="80" y="-580"/>
    </sprite>

    <sprite>
        <position x="240" y="-580"/>
    </sprite>

    <sprite>
        <position x="400" y="-580"/>
    </sprite>

    <sprite>
        <position x="560" y="-580"/>
    </sprite>

    <sprite>
        <position x="720" y="-580"/>
    </sprite>



    <sprite>
        <position x="-800" y="-740"/>
    </sprite>

    <sprite>
        <position x="-640" y="-740"/>
    </sprite>

    <sprite>
        <position x="-480" y="-740"/>
    </sprite>

    <sprite>
        <position x="-320" y="-740"/>
    </sprite>

    <sprite>
        <position x="-160" y="-740"/>
    </sprite>

    <sprite>
        <position x="0" y="-740"/>
    </sprite>

    <sprite>
        <position x="160" y="-740"/>
    </sprite>

    <sprite>
        <position x="320" y="-740"/>
    </sprite>

    <sprite>
        <position x="480" y="-740"/>
    </sprite>

    <sprite>
        <position x="640" y="-740"/>
    </sprite>

    <sprite>
        <position x="800" y="-740"/>
    </sprite>




    <sprite>
        <position x="-720" y="-1060"/>
    </sprite>

    <sprite>
        <position x="-560" y="-1060"/>
    </sprite>

    <sprite>
        <position x="-400" y="-1060"/>
    </sprite>

    <sprite>
        <position x="-240" y="-1060"/>
    </sprite>

    <sprite>
        <position x="-80" y="-1060"/>
    </sprite>

    <sprite>
        <position x="80" y="-1060"/>
    </sprite>

    <sprite>
        <position x="240" y="-1060"/>
    </sprite>

    <sprite>
        <position x="400" y="-1060"/>
    </sprite>

    <sprite>
        <position x="560" y="-1060"/>
    </sprite>

    <sprite>
        <position x="720" y="-1060"/>
    </sprite>
    


    <sprite>
        <position x="-800" y="-1220"/>
    </sprite>

    <sprite>
        <position x="-640" y="-1220"/>
    </sprite>

    <sprite>
        <position x="-480" y="-1220"/>
    </sprite>

    <sprite>
        <position x="-320" y="-1220"/>
    </sprite>

    <sprite>
        <position x="-160" y="-1220"/>
    </sprite>

    <sprite>
        <position x="0" y="-1220"/>
    </sprite>

    <sprite>
        <position x="160" y="-1220"/>
    </sprite>

    <sprite>
        <position x="320" y="-1220"/>
    </sprite>

    <sprite>
        <position x="480" y="-1220"/>
    </sprite>

    <sprite>
        <position x="640" y="-1220"/>
    </sprite>

    <sprite>
        <position x="800" y="-1220"/>
    </sprite>
    

    <!--  final rails  -->
    <sprite objectName="bar" id="-1">
        <position x="-720" y="-1520"/>
    </sprite>

    <sprite objectName="bar" id="-1">
        <position x="-560" y="-1520"/>
    </sprite>

    <sprite objectName="bar" id="-1">
        <position x="-400" y="-1520"/>
    </sprite>

    <sprite objectName="bar" id="-1">
        <position x="-240" y="-1520"/>
    </sprite>

    <sprite objectName="bar" id="-1">
        <position x="-80" y="-1520"/>
    </sprite>

    <sprite objectName="bar" id="-1">
        <position x="80" y="-1520"/>
    </sprite>

    <sprite objectName="bar" id="-1">
        <position x="240" y="-1520"/>
    </sprite>

    <sprite objectName="bar" id="-1">
        <position x="400" y="-1520"/>
    </sprite>

    <sprite objectName="bar" id="-1">
        <position x="560" y="-1520"/>
    </sprite>

    <sprite objectName="bar" id="-1">
        <position x="720" y="-1520"/>
    </sprite>

</spriteList>
