<objectDataList2D>

    <!-- DEFAULT DEFAULT DEFAULT DEFAULT DEFAULT DEFAULT DEFAULT DEFAULT -->
    <default  name="">
        <visual>
            <texture count="0" file="" compressed="false"/>
            <mesh genType="quad"/>
            <color r="1" g="1" b="1" a="1"/>
            <shader id="shader_2d"/>
        </visual>
    </default>
    <!-- DEFAULT DEFAULT DEFAULT DEFAULT DEFAULT DEFAULT DEFAULT DEFAULT -->
  
    <objectList>
        
        <object name="meter_font">
            <visual>
                <mesh genType="font">
                </mesh>
                <color r="143" g="179" b="218" a="1"/>
            </visual>
        </object>
        
        <object name="cycle_results_font">
            <visual>
                <mesh genType="font">
                </mesh>
            </visual>
        </object>
        
        <object name="reel_strip_mask_vert_4">
            <visual>
                <shader id="shader_solid_2d"/>
            </visual>
            <size width="281" height="790"/>
        </object>

    </objectList>

</objectDataList2D>

