<objectDataList2D>

  <!-- DEFAULT DEFAULT DEFAULT DEFAULT DEFAULT DEFAULT DEFAULT DEFAULT -->
  <default  name="">
    <visual>
      <mesh genType="quad">
        <quad uv.x1="0" uv.y1="0" uv.x2="1" uv.y2="1"/>
        <scaledFrame thicknessWidth="" thicknessHeight="" centerQuad=""/>
        <file name=""/>
      </mesh>
      <color r="1" g="1" b="1" a="1"/>
      <shader id="load_shader_2d"/>
    </visual>
    <physics file="" world="" type="static">
      <size width="0" height="0"/>
      <sizeMod top="0" bottom="0" left="0" right="0"/>
      <body density="0" restitution="0" damping="0" angDamping="0" fixedRotation="false"/>
      <color r="1" g="1" b="1" a="1"/>
    </physics>
    <scale x="1" y="1" z="1"/>
    <size width="0" height="0"/>
  </default>
  <!-- DEFAULT DEFAULT DEFAULT DEFAULT DEFAULT DEFAULT DEFAULT DEFAULT -->
  
  <objectList>

    <object name="loadAnim">
      <visual>
        <texture count="12" file="data/textures/loadingScreen/loadingImage%d.bmp"/>
      </visual>
    </object>

  </objectList>

</objectDataList2D>

