<listTable>

    <groupList groupName="(menu)">
        <file path="data/objects/2d/scripts/shared_utilities.ang"/>
        <file path="data/objects/2d/scripts/shared_general.ang"/>
        <file path="data/objects/2d/scripts/menu_defs.ang"/>
        <file path="data/objects/2d/scripts/menu.ang"/>
    </groupList>
  
    <groupList groupName="(lobby)">
        <file path="data/objects/2d/scripts/menu_defs.ang"/>
        <file path="data/objects/2d/scripts/defs.ang"/>
        <file path="data/objects/2d/scripts/shared_utilities.ang"/>
        <file path="data/objects/2d/scripts/shared_general.ang"/>
        <file path="data/objects/2d/scripts/lobby/scripts.ang"/>
    </groupList>
    
    <groupList groupName="(big_pay_back)">
        <file path="data/objects/2d/scripts/menu_defs.ang"/>
        <file path="data/objects/2d/scripts/defs.ang"/>
        <file path="data/objects/2d/scripts/shared_utilities.ang"/>
        <file path="data/objects/2d/scripts/shared_general.ang"/>
        <file path="data/objects/2d/scripts/bigPayBack/scripts.ang"/>
    </groupList>

</listTable>
